// Jest Snapshot v1, https://goo.gl/fbAQLP

exports[`renders the UI as expected 1`] = `
<div
  className="header"
>
  <section
    className=""
  >
     
  </section>
  <h1>
    Mindful
  </h1>
</div>
`;
